******************************************************************************
                  TI ARM Linker PC v20.2.7                     
******************************************************************************
>> Linked Mon Dec  4 13:27:09 2023

OUTPUT FILE NAME:   <Final.out>
ENTRY POINT SYMBOL: "_c_int00_noargs"  address: 000078cd


MEMORY CONFIGURATION

         name            origin    length      used     unused   attr    fill
----------------------  --------  ---------  --------  --------  ----  --------
  FLASH                 00000000   00040000  00007ebf  00038141  R  X
  SRAM                  20000000   00008000  00000f52  000070ae  RW X


SEGMENT ALLOCATION MAP

run origin  load origin   length   init length attrs members
----------  ----------- ---------- ----------- ----- -------
00000000    00000000    00007ec0   00007ec0    r-x
  00000000    00000000    0000026c   0000026c    r-- .intvecs
  0000026c    0000026c    000078a4   000078a4    r-x .text
  00007b10    00007b10    0000035f   0000035f    r-- .const
  00007e70    00007e70    00000050   00000050    r-- .cinit
20000000    20000000    00000f59   00000000    rw-
  20000000    20000000    0000026c   00000000    rw- .vtable
  20000270    20000270    00000800   00000000    rw- .stack
  20000a70    20000a70    00000400   00000000    rw- .sysmem
  20000e70    20000e70    00000089   00000000    rw- .bss
  20000efc    20000efc    0000005d   00000000    rw- .data


SECTION ALLOCATION MAP

 output                                  attributes/
section   page    origin      length       input sections
--------  ----  ----------  ----------   ----------------
.intvecs   0    00000000    0000026c     
                  00000000    0000026c     tm4c123gh6pm_startup_ccs.obj (.intvecs)

.text      0    0000026c    000078a4     
                  0000026c    0000117c     final_Main.obj (.text)
                  000013e8    00000c20     open_interface.obj (.text)
                  00002008    00000a4e     rtsv7M4_T_le_v4SPD16_eabi.lib : _printfi.c.obj (.text:__TI_printfi)
                  00002a56    00000002                                   : _lock.c.obj (.text:_nop)
                  00002a58    000009d0                                   : e_pow.c.obj (.text:pow)
                  00003428    00000738                                   : k_rem_pio2.c.obj (.text:__kernel_rem_pio2)
                  00003b60    000005e4     movement.obj (.text)
                  00004144    00000508     rtsv7M4_T_le_v4SPD16_eabi.lib : s_tan.c.obj (.text:tan)
                  0000464c    000004b4     custom.obj (.text)
                  00004b00    00000328     lcd.obj (.text)
                  00004e28    0000031c     rtsv7M4_T_le_v4SPD16_eabi.lib : k_tan.c.obj (.text:__kernel_tan)
                  00005144    00000270                                   : _printfi.c.obj (.text:_pconv_a)
                  000053b4    00000260     libcybotScan.lib : cyBot_Scan.obj (.text)
                  00005614    00000248     Timer.obj (.text)
                  0000585c    00000230     ping.obj (.text)
                  00005a8c    000001f0     uart_extra_help.obj (.text)
                  00005c7c    000001ec     libcybotScan.lib : ping.obj (.text)
                  00005e68    000001d0     rtsv7M4_T_le_v4SPD16_eabi.lib : _printfi.c.obj (.text:_pconv_g)
                  00006038    000001b6                                   : fd_add_t2.asm.obj (.text)
                  000061ee    00000002                                   : div0.asm.obj (.text)
                  000061f0    00000158     libcybotScan.lib : servo.obj (.text)
                  00006348    00000158     rtsv7M4_T_le_v4SPD16_eabi.lib : e_sqrt.c.obj (.text:sqrt)
                  000064a0    0000013c                                   : _printfi.c.obj (.text:_pconv_e)
                  000065dc    00000136                                   : fd_div_t2.asm.obj (.text)
                  00006712    00000002     --HOLE-- [fill = 0]
                  00006714    00000124                                   : _printfi.c.obj (.text:fcvt)
                  00006838    00000118     libcybotScan.lib : ir.obj (.text)
                  00006950    00000110     rtsv7M4_T_le_v4SPD16_eabi.lib : s_scalbn.c.obj (.text:scalbn)
                  00006a60    00000110     servo.obj (.text)
                  00006b70    00000100     rtsv7M4_T_le_v4SPD16_eabi.lib : memory.c.obj (.text:aligned_alloc)
                  00006c70    000000fc                                   : fd_mul_t2.asm.obj (.text)
                  00006d6c    000000f8                                   : s_floor.c.obj (.text:floor)
                  00006e64    000000e4                                   : memory.c.obj (.text:free)
                  00006f48    000000c8     adc.obj (.text)
                  00007010    000000b1     rtsv7M4_T_le_v4SPD16_eabi.lib : _printfi.c.obj (.text:_ltostr)
                  000070c1    00000001     --HOLE-- [fill = 0]
                  000070c2    0000009c                                   : memcpy_t2.asm.obj (.text)
                  0000715e    00000096                                   : ull_div_t2.asm.obj (.text)
                  000071f4    00000086                                   : fd_cmp_t2.asm.obj (.text:__aeabi_cdcmple)
                  0000727a    00000086                                   : fd_cmp_t2.asm.obj (.text:__aeabi_cdrcmple)
                  00007300    0000007a                                   : memset_t2.asm.obj (.text)
                  0000737a    00000002     --HOLE-- [fill = 0]
                  0000737c    00000070                                   : memory.c.obj (.text:split)
                  000073ec    0000006e                                   : _printfi.c.obj (.text:_mcpy)
                  0000745a    0000006e                                   : fd_tos_t2.asm.obj (.text)
                  000074c8    00000068                                   : copy_decompress_lzss.c.obj (.text:decompress:lzss:__TI_decompress_lzss)
                  00007530    00000064                                   : s_frexp.c.obj (.text:frexp)
                  00007594    00000056                                   : _printfi.c.obj (.text:_pconv_f)
                  000075ea    00000054                                   : _ltoa.c.obj (.text:__TI_ltoa)
                  0000763e    00000052                                   : _printfi.c.obj (.text:_ecpy)
                  00007690    0000004c                                   : atoi.c.obj (.text:atoi)
                  000076dc    00000048                                   : fd_toi_t2.asm.obj (.text)
                  00007724    00000044                                   : autoinit.c.obj (.text:__TI_auto_init_nobinit_nopinit:__TI_auto_init_nobinit_nopinit)
                  00007768    00000040                                   : sprintf.c.obj (.text:sprintf)
                  000077a8    00000040                                   : vsnprintf.c.obj (.text:vsnprintf)
                  000077e8    0000003e                                   : _printfi.c.obj (.text:_fcpy)
                  00007826    00000002     --HOLE-- [fill = 0]
                  00007828    00000038                                   : memory.c.obj (.text:calloc)
                  00007860    00000038                                   : fs_tod_t2.asm.obj (.text)
                  00007898    00000034     driverlib.lib : interrupt.obj (.text:IntRegister)
                  000078cc    00000034     rtsv7M4_T_le_v4SPD16_eabi.lib : boot_cortex_m.c.obj (.text:_c_int00_noargs:_c_int00_noargs)
                  00007900    00000030                                   : vsnprintf.c.obj (.text:_outs)
                  00007930    0000002e                                   : i_tofd_t2.asm.obj (.text)
                  0000795e    00000002     --HOLE-- [fill = 0]
                  00007960    00000028                                   : memory.c.obj (.text:free_list_insert)
                  00007988    0000001c                                   : copy_zero_init.c.obj (.text:decompress:ZI:__TI_zero_init_nomemset:__TI_zero_init_nomemset)
                  000079a4    0000001c                                   : memory.c.obj (.text:free_list_remove)
                  000079c0    0000001c                                   : memccpy.c.obj (.text:memccpy)
                  000079dc    0000001a                                   : s_copysign.c.obj (.text:copysign)
                  000079f6    00000018                                   : vsnprintf.c.obj (.text:_outc)
                  00007a0e    00000018                                   : sprintf.c.obj (.text:_outs)
                  00007a26    00000018     open_interface.obj (.text:oi_parseInt)
                  00007a3e    00000018     rtsv7M4_T_le_v4SPD16_eabi.lib : strcmp.c.obj (.text:strcmp)
                  00007a56    00000016                                   : strchr.c.obj (.text:strchr)
                  00007a6c    00000014                                   : strcpy.c.obj (.text:strcpy)
                  00007a80    00000014                                   : strlen.c.obj (.text:strlen)
                  00007a94    00000012                                   : wcslen.c.obj (.text:wcslen)
                  00007aa6    00000010     driverlib.lib : interrupt.obj (.text:IntMasterEnable)
                  00007ab6    00000010     lcd.obj (.text:lcd_clear)
                  00007ac6    0000000e     rtsv7M4_T_le_v4SPD16_eabi.lib : copy_decompress_none.c.obj (.text:decompress:none:__TI_decompress_none)
                  00007ad4    0000000c     driverlib.lib : cpu.obj (.text:CPUcpsie)
                  00007ae0    0000000c     tm4c123gh6pm_startup_ccs.obj (.text)
                  00007aec    0000000a     rtsv7M4_T_le_v4SPD16_eabi.lib : sprintf.c.obj (.text:_outc)
                  00007af6    00000002     --HOLE-- [fill = 0]
                  00007af8    00000008                                   : errno.c.obj (.text:__aeabi_errno_addr)
                  00007b00    00000008                                   : memory.c.obj (.text:malloc)
                  00007b08    00000004                                   : pre_init.c.obj (.text:_system_pre_init)
                  00007b0c    00000004                                   : exit.c.obj (.text:abort:abort)

.const     0    00007b10    0000035f     
                  00007b10    00000158     rtsv7M4_T_le_v4SPD16_eabi.lib : k_rem_pio2.c.obj (.const:$O1$$)
                  00007c68    00000101                                   : ctype.c.obj (.const:.string:_ctypes_)
                  00007d69    00000004     lcd.obj (.const:.string:lineAddress$1)
                  00007d6d    00000003     --HOLE-- [fill = 0]
                  00007d70    00000080     rtsv7M4_T_le_v4SPD16_eabi.lib : k_tan.c.obj (.const:xxx)
                  00007df0    00000030                                   : e_pow.c.obj (.const:$O1$$)
                  00007e20    00000014     custom.obj (.const:.string:$P$T0$1)
                  00007e34    0000000f     open_interface.obj (.const:.string:$P$T0$3)
                  00007e43    0000000b     final_Main.obj (.const:.string:$P$T2$3)
                  00007e4e    0000000b     final_Main.obj (.const:.string:$P$T3$4)
                  00007e59    00000009     final_Main.obj (.const:.string:$P$T0$1)
                  00007e62    00000009     final_Main.obj (.const:.string:$P$T1$2)
                  00007e6b    00000004     lcd.obj (.const:.string:lineAddresses$2)

.cinit     0    00007e70    00000050     
                  00007e70    0000001b     (.cinit..data.load) [load image, compression = lzss]
                  00007e8b    00000001     --HOLE-- [fill = 0]
                  00007e8c    0000000c     (__TI_handler_table)
                  00007e98    00000008     (.cinit..bss.load) [load image, compression = zero_init]
                  00007ea0    00000008     (.cinit..vtable.load) [load image, compression = zero_init]
                  00007ea8    00000018     (__TI_cinit_table)

.init_array 
*          0    00000000    00000000     UNINITIALIZED

.vtable    0    20000000    0000026c     UNINITIALIZED
                  20000000    0000026c     driverlib.lib : interrupt.obj (.vtable)

.stack     0    20000270    00000800     UNINITIALIZED
                  20000270    00000004     rtsv7M4_T_le_v4SPD16_eabi.lib : boot_cortex_m.c.obj (.stack)
                  20000274    000007fc     --HOLE--

.sysmem    0    20000a70    00000400     UNINITIALIZED
                  20000a70    00000010     rtsv7M4_T_le_v4SPD16_eabi.lib : memory.c.obj (.sysmem)
                  20000a80    000003f0     --HOLE--

.bss       0    20000e70    00000089     UNINITIALIZED
                  20000e70    00000054     lcd.obj (.bss:lastbuffer$3)
                  20000ec4    00000018     open_interface.obj (.bss:firmware$2)
                  20000edc    00000004     (.common:_timeout_ticks)
                  20000ee0    00000004     (.common:fallingEdge)
                  20000ee4    00000004     (.common:isr_int_value)
                  20000ee8    00000004     (.common:left_calibration_value)
                  20000eec    00000004     (.common:pulseLength)
                  20000ef0    00000004     (.common:right_calibration_value)
                  20000ef4    00000004     (.common:risingEdge)
                  20000ef8    00000001     (.common:isRisingEdge)

.data      0    20000efc    0000005d     UNINITIALIZED
                  20000efc    00000020     open_interface.obj (.data)
                  20000f1c    0000000c     ping.obj (.data)
                  20000f28    0000000c     uart_extra_help.obj (.data)
                  20000f34    00000008     rtsv7M4_T_le_v4SPD16_eabi.lib : _lock.c.obj (.data:$O1$$)
                  20000f3c    00000008                                   : memory.c.obj (.data:$O1$$)
                  20000f44    00000008     final_Main.obj (.data)
                  20000f4c    00000004     libcybotScan.lib : cyBot_Scan.obj (.data)
                  20000f50    00000004     movement.obj (.data)
                  20000f54    00000004     rtsv7M4_T_le_v4SPD16_eabi.lib : errno.c.obj (.data)
                  20000f58    00000001     Timer.obj (.data)

__llvm_prf_cnts 
*          0    20000000    00000000     UNINITIALIZED

MODULE SUMMARY

       Module                         code    ro data   rw data
       ------                         ----    -------   -------
    .\
       final_Main.obj                 4476    40        8      
       open_interface.obj             3128    15        56     
       movement.obj                   1508    0         4      
       custom.obj                     1204    20        0      
       lcd.obj                        824     8         84     
       tm4c123gh6pm_startup_ccs.obj   12      620       0      
       Timer.obj                      584     0         5      
       ping.obj                       560     0         12     
       uart_extra_help.obj            496     0         12     
       servo.obj                      272     0         0      
       adc.obj                        200     0         0      
    +--+------------------------------+-------+---------+---------+
       Total:                         13264   703       181    
                                                               
    ../libcybotScan.lib
       cyBot_Scan.obj                 608     0         12     
       ping.obj                       492     0         13     
       servo.obj                      344     0         0      
       ir.obj                         280     0         4      
    +--+------------------------------+-------+---------+---------+
       Total:                         1724    0         29     
                                                               
    C:/ti/TivaWare_C_Series-2.2.0.295/driverlib/ccs/Debug/driverlib.lib
       interrupt.obj                  68      0         620    
       cpu.obj                        12      0         0      
    +--+------------------------------+-------+---------+---------+
       Total:                         80      0         620    
                                                               
    C:\ti\ccs1230\ccs\tools\compiler\ti-cgt-arm_20.2.7.LTS\lib\rtsv7M4_T_le_v4SPD16_eabi.lib
       _printfi.c.obj                 4851    0         0      
       e_pow.c.obj                    2512    48        0      
       k_rem_pio2.c.obj               1848    344       0      
       s_tan.c.obj                    1288    0         0      
       k_tan.c.obj                    796     128       0      
       memory.c.obj                   728     0         8      
       fd_add_t2.asm.obj              438     0         0      
       e_sqrt.c.obj                   344     0         0      
       fd_div_t2.asm.obj              310     0         0      
       s_scalbn.c.obj                 272     0         0      
       fd_cmp_t2.asm.obj              268     0         0      
       ctype.c.obj                    0       257       0      
       fd_mul_t2.asm.obj              252     0         0      
       s_floor.c.obj                  248     0         0      
       memcpy_t2.asm.obj              156     0         0      
       ull_div_t2.asm.obj             150     0         0      
       vsnprintf.c.obj                136     0         0      
       memset_t2.asm.obj              122     0         0      
       fd_tos_t2.asm.obj              110     0         0      
       copy_decompress_lzss.c.obj     104     0         0      
       s_frexp.c.obj                  100     0         0      
       sprintf.c.obj                  98      0         0      
       _ltoa.c.obj                    84      0         0      
       atoi.c.obj                     76      0         0      
       fd_toi_t2.asm.obj              72      0         0      
       autoinit.c.obj                 68      0         0      
       fs_tod_t2.asm.obj              56      0         0      
       boot_cortex_m.c.obj            52      0         0      
       i_tofd_t2.asm.obj              46      0         0      
       copy_zero_init.c.obj           28      0         0      
       memccpy.c.obj                  28      0         0      
       s_copysign.c.obj               26      0         0      
       strcmp.c.obj                   24      0         0      
       strchr.c.obj                   22      0         0      
       strcpy.c.obj                   20      0         0      
       strlen.c.obj                   20      0         0      
       wcslen.c.obj                   18      0         0      
       copy_decompress_none.c.obj     14      0         0      
       errno.c.obj                    8       0         4      
       _lock.c.obj                    2       0         8      
       exit.c.obj                     4       0         0      
       pre_init.c.obj                 4       0         0      
       div0.asm.obj                   2       0         0      
    +--+------------------------------+-------+---------+---------+
       Total:                         15805   777       20     
                                                               
       Heap:                          0       0         1024   
       Stack:                         0       0         2048   
       Linker Generated:              0       79        0      
    +--+------------------------------+-------+---------+---------+
       Grand Total:                   30873   1559      3922   


LINKER GENERATED COPY TABLES

__TI_cinit_table @ 00007ea8 records: 3, size/record: 8, table size: 24
	.data: load addr=00007e70, load size=0000001b bytes, run addr=20000efc, run size=0000005d bytes, compression=lzss
	.bss: load addr=00007e98, load size=00000008 bytes, run addr=20000e70, run size=00000089 bytes, compression=zero_init
	.vtable: load addr=00007ea0, load size=00000008 bytes, run addr=20000000, run size=0000026c bytes, compression=zero_init


LINKER GENERATED HANDLER TABLE

__TI_handler_table @ 00007e8c records: 3, size/record: 4, table size: 12
	index: 0, handler: __TI_zero_init
	index: 1, handler: __TI_decompress_lzss
	index: 2, handler: __TI_decompress_none


GLOBAL SYMBOLS: SORTED ALPHABETICALLY BY Name 

address   name                          
-------   ----                          
000068d1  ADC0SS0_Handler               
00007b0d  C$$EXIT                       
00007ad5  CPUcpsie                      
00001d3f  GPIOF_Handler                 
00007aa7  IntMasterEnable               
00007899  IntRegister                   
00007ae1  ResetISR                      
00005d6d  TIMER3B_Handler               
20000a70  __STACK_END                   
00000800  __STACK_SIZE                  
20000470  __STACK_TOP                   
00000400  __SYSMEM_SIZE                 
00007ea8  __TI_CINIT_Base               
00007ec0  __TI_CINIT_Limit              
00007e8c  __TI_Handler_Table_Base       
00007e98  __TI_Handler_Table_Limit      
00007725  __TI_auto_init_nobinit_nopinit
000074c9  __TI_decompress_lzss          
00007ac7  __TI_decompress_none          
000075eb  __TI_ltoa                     
ffffffff  __TI_pprof_out_hndl           
00002009  __TI_printfi                  
ffffffff  __TI_prof_data_size           
ffffffff  __TI_prof_data_start          
00000000  __TI_static_base__            
00007989  __TI_zero_init_nomemset       
000071f5  __aeabi_cdcmpeq               
000071f5  __aeabi_cdcmple               
0000727b  __aeabi_cdrcmple              
0000745b  __aeabi_d2f                   
000076dd  __aeabi_d2iz                  
00006043  __aeabi_dadd                  
000065dd  __aeabi_ddiv                  
00006c71  __aeabi_dmul                  
00006039  __aeabi_dsub                  
00007af9  __aeabi_errno_addr            
00007861  __aeabi_f2d                   
00007931  __aeabi_i2d                   
000061ef  __aeabi_idiv0                 
000061ef  __aeabi_ldiv0                 
00007301  __aeabi_memclr                
00007301  __aeabi_memclr4               
00007301  __aeabi_memclr8               
000070c3  __aeabi_memcpy                
000070c3  __aeabi_memcpy4               
000070c3  __aeabi_memcpy8               
00007303  __aeabi_memset                
00007303  __aeabi_memset4               
00007303  __aeabi_memset8               
0000715f  __aeabi_uldivmod              
ffffffff  __binit__                     
ffffffff  __c_args__                    
00003429  __kernel_rem_pio2             
00004e29  __kernel_tan                  
UNDEFED   __mpu_init                    
20000270  __stack                       
20000000  __start___llvm_prf_cnts       
20000000  __stop___llvm_prf_cnts        
000078cd  _c_int00_noargs               
00007c68  _ctypes_                      
20000f34  _lock                         
00002a57  _nop                          
20000f58  _running                      
20000a70  _sys_memory                   
UNDEFED   _system_post_cinit            
00007b09  _system_pre_init              
20000edc  _timeout_ticks                
20000f38  _unlock                       
00007b0d  abort                         
00006f49  adc_init                      
00006fb7  adc_read                      
00006b71  aligned_alloc                 
00007691  atoi                          
ffffffff  binit                         
20000f50  bordCollides                  
00004721  boundCheck                    
00003c41  boundary_turn                 
00004057  cal                           
00007829  calloc                        
20000f28  char_counter                  
20000f20  clockTime                     
20000f44  collides                      
00004681  convertIR                     
000079dd  copysign                      
000079dd  copysignl                     
0000548d  cyBOT_SERVO_cal               
0000541b  cyBOT_Scan                    
000053c3  cyBOT_init_Scan               
20000f4c  cyBOT_scan_features           
000053b5  cyBOT_scan_version            
20000f54  errno                         
20000ee0  fallingEdge                   
00006d6d  floor                         
00006d6d  floorl                        
00004a07  forwardRotate                 
00006e65  free                          
00007531  frexp                         
00007531  frexpl                        
20000000  g_pfnRAMVectors               
00000000  g_pfnVectors                  
20000f2c  globalVar                     
00001afb  go_charge                     
000068e7  ir_enableInterrupt            
000068c9  ir_getDistance                
000068a1  ir_getValue                   
00006839  ir_init                       
20000ef8  isRisingEdge                  
20000ee4  isr_int_value                 
00007ab7  lcd_clear                     
00004cd5  lcd_gotoLine                  
00004b3d  lcd_init                      
00004d3b  lcd_printf                    
00004bfd  lcd_putc                      
00004c35  lcd_puts                      
00004b01  lcd_reverseNibble             
00004c53  lcd_sendCommand               
00004c91  lcd_sendNibble                
00004cfd  lcd_setCursorPos              
00006951  ldexp                         
00006951  ldexpl                        
20000ee8  left_calibration_value        
0000026d  main                          
00007b01  malloc                        
00006b71  memalign                      
000079c1  memccpy                       
000070c3  memcpy                        
00007309  memset                        
20000efc  motor_cal_factor_L            
20000f00  motor_cal_factor_R            
00003d3f  move_forward                  
00003e45  move_forward_bump             
00003b61  move_reverse                  
000013e9  oi_alloc                      
00001c25  oi_checkFirmware              
00001443  oi_close                      
000013f5  oi_free                       
00001f69  oi_getMotorCalibrationLeft    
00001f7d  oi_getMotorCalibrationRight   
0000142d  oi_init                       
00001405  oi_init_noupdate              
00001a91  oi_loadSong                   
00007a27  oi_parseInt                   
000014a7  oi_parsePacket                
00001ae7  oi_play_song                  
000019c7  oi_setLeds                    
00001f2d  oi_setMotorCalibration        
00001a0b  oi_setWheels                  
00001ccd  oi_shutoff_init               
00001b09  oi_uartInit                   
00001bad  oi_uartReceive                
00001bf3  oi_uartSendBuff               
00001b91  oi_uartSendChar               
00001bd5  oi_uartSendStr                
00001455  oi_update                     
000059e7  ping_distance                 
00005dbf  ping_getDistance              
00005c7d  ping_init                     
0000585d  ping_init2                    
000059a1  ping_interrupt_handler        
0000597d  ping_interrupt_init           
000058ed  ping_read                     
00005d03  ping_trigger                  
00002a59  pow                           
00002a59  powl                          
00003cad  precise_forward               
20000eec  pulseLength                   
0000464d  puttyPrint                    
20000f48  quickCount                    
000048bd  quickScan                     
20000ef0  right_calibration_value       
20000ef4  risingEdge                    
00006951  scalbn                        
00006951  scalbnl                       
000046dd  scanIR                        
0000590f  send_pulse                    
000061f1  servo_init                    
00006a61  servo_init2                   
00006281  servo_move                    
00006ae3  servo_move2                   
000062e1  servo_setPWM                  
00006275  servo_stop                    
00007769  sprintf                       
00006349  sqrt                          
00006349  sqrtl                         
20000f1c  statusFlag                    
00007a57  strchr                        
00007a3f  strcmp                        
00007a6d  strcpy                        
00007a81  strlen                        
00004145  tan                           
00004145  tanl                          
0000406f  textDrive                     
20000f24  timeSpan                      
00005733  timer_getMicros               
000056db  timer_getMillis               
00005615  timer_init                    
000056b7  timer_pause                   
000056c9  timer_resume                  
0000568d  timer_stop                    
0000578d  timer_waitMicros              
000057bf  timer_waitMillis              
20000f30  toggleFlag                    
00003bcd  turn_any                      
00005a8d  uart_init                     
00005b91  uart_interrupt_handler        
00005b71  uart_interrupt_init           
00005b41  uart_receive                  
00005b25  uart_sendChar                 
00005b67  uart_sendStr                  
000077a9  vsnprintf                     
00007a95  wcslen                        


GLOBAL SYMBOLS: SORTED BY Symbol Address 

address   name                          
-------   ----                          
00000000  __TI_static_base__            
00000000  g_pfnVectors                  
0000026d  main                          
00000400  __SYSMEM_SIZE                 
00000800  __STACK_SIZE                  
000013e9  oi_alloc                      
000013f5  oi_free                       
00001405  oi_init_noupdate              
0000142d  oi_init                       
00001443  oi_close                      
00001455  oi_update                     
000014a7  oi_parsePacket                
000019c7  oi_setLeds                    
00001a0b  oi_setWheels                  
00001a91  oi_loadSong                   
00001ae7  oi_play_song                  
00001afb  go_charge                     
00001b09  oi_uartInit                   
00001b91  oi_uartSendChar               
00001bad  oi_uartReceive                
00001bd5  oi_uartSendStr                
00001bf3  oi_uartSendBuff               
00001c25  oi_checkFirmware              
00001ccd  oi_shutoff_init               
00001d3f  GPIOF_Handler                 
00001f2d  oi_setMotorCalibration        
00001f69  oi_getMotorCalibrationLeft    
00001f7d  oi_getMotorCalibrationRight   
00002009  __TI_printfi                  
00002a57  _nop                          
00002a59  pow                           
00002a59  powl                          
00003429  __kernel_rem_pio2             
00003b61  move_reverse                  
00003bcd  turn_any                      
00003c41  boundary_turn                 
00003cad  precise_forward               
00003d3f  move_forward                  
00003e45  move_forward_bump             
00004057  cal                           
0000406f  textDrive                     
00004145  tan                           
00004145  tanl                          
0000464d  puttyPrint                    
00004681  convertIR                     
000046dd  scanIR                        
00004721  boundCheck                    
000048bd  quickScan                     
00004a07  forwardRotate                 
00004b01  lcd_reverseNibble             
00004b3d  lcd_init                      
00004bfd  lcd_putc                      
00004c35  lcd_puts                      
00004c53  lcd_sendCommand               
00004c91  lcd_sendNibble                
00004cd5  lcd_gotoLine                  
00004cfd  lcd_setCursorPos              
00004d3b  lcd_printf                    
00004e29  __kernel_tan                  
000053b5  cyBOT_scan_version            
000053c3  cyBOT_init_Scan               
0000541b  cyBOT_Scan                    
0000548d  cyBOT_SERVO_cal               
00005615  timer_init                    
0000568d  timer_stop                    
000056b7  timer_pause                   
000056c9  timer_resume                  
000056db  timer_getMillis               
00005733  timer_getMicros               
0000578d  timer_waitMicros              
000057bf  timer_waitMillis              
0000585d  ping_init2                    
000058ed  ping_read                     
0000590f  send_pulse                    
0000597d  ping_interrupt_init           
000059a1  ping_interrupt_handler        
000059e7  ping_distance                 
00005a8d  uart_init                     
00005b25  uart_sendChar                 
00005b41  uart_receive                  
00005b67  uart_sendStr                  
00005b71  uart_interrupt_init           
00005b91  uart_interrupt_handler        
00005c7d  ping_init                     
00005d03  ping_trigger                  
00005d6d  TIMER3B_Handler               
00005dbf  ping_getDistance              
00006039  __aeabi_dsub                  
00006043  __aeabi_dadd                  
000061ef  __aeabi_idiv0                 
000061ef  __aeabi_ldiv0                 
000061f1  servo_init                    
00006275  servo_stop                    
00006281  servo_move                    
000062e1  servo_setPWM                  
00006349  sqrt                          
00006349  sqrtl                         
000065dd  __aeabi_ddiv                  
00006839  ir_init                       
000068a1  ir_getValue                   
000068c9  ir_getDistance                
000068d1  ADC0SS0_Handler               
000068e7  ir_enableInterrupt            
00006951  ldexp                         
00006951  ldexpl                        
00006951  scalbn                        
00006951  scalbnl                       
00006a61  servo_init2                   
00006ae3  servo_move2                   
00006b71  aligned_alloc                 
00006b71  memalign                      
00006c71  __aeabi_dmul                  
00006d6d  floor                         
00006d6d  floorl                        
00006e65  free                          
00006f49  adc_init                      
00006fb7  adc_read                      
000070c3  __aeabi_memcpy                
000070c3  __aeabi_memcpy4               
000070c3  __aeabi_memcpy8               
000070c3  memcpy                        
0000715f  __aeabi_uldivmod              
000071f5  __aeabi_cdcmpeq               
000071f5  __aeabi_cdcmple               
0000727b  __aeabi_cdrcmple              
00007301  __aeabi_memclr                
00007301  __aeabi_memclr4               
00007301  __aeabi_memclr8               
00007303  __aeabi_memset                
00007303  __aeabi_memset4               
00007303  __aeabi_memset8               
00007309  memset                        
0000745b  __aeabi_d2f                   
000074c9  __TI_decompress_lzss          
00007531  frexp                         
00007531  frexpl                        
000075eb  __TI_ltoa                     
00007691  atoi                          
000076dd  __aeabi_d2iz                  
00007725  __TI_auto_init_nobinit_nopinit
00007769  sprintf                       
000077a9  vsnprintf                     
00007829  calloc                        
00007861  __aeabi_f2d                   
00007899  IntRegister                   
000078cd  _c_int00_noargs               
00007931  __aeabi_i2d                   
00007989  __TI_zero_init_nomemset       
000079c1  memccpy                       
000079dd  copysign                      
000079dd  copysignl                     
00007a27  oi_parseInt                   
00007a3f  strcmp                        
00007a57  strchr                        
00007a6d  strcpy                        
00007a81  strlen                        
00007a95  wcslen                        
00007aa7  IntMasterEnable               
00007ab7  lcd_clear                     
00007ac7  __TI_decompress_none          
00007ad5  CPUcpsie                      
00007ae1  ResetISR                      
00007af9  __aeabi_errno_addr            
00007b01  malloc                        
00007b09  _system_pre_init              
00007b0d  C$$EXIT                       
00007b0d  abort                         
00007c68  _ctypes_                      
00007e8c  __TI_Handler_Table_Base       
00007e98  __TI_Handler_Table_Limit      
00007ea8  __TI_CINIT_Base               
00007ec0  __TI_CINIT_Limit              
20000000  __start___llvm_prf_cnts       
20000000  __stop___llvm_prf_cnts        
20000000  g_pfnRAMVectors               
20000270  __stack                       
20000470  __STACK_TOP                   
20000a70  __STACK_END                   
20000a70  _sys_memory                   
20000edc  _timeout_ticks                
20000ee0  fallingEdge                   
20000ee4  isr_int_value                 
20000ee8  left_calibration_value        
20000eec  pulseLength                   
20000ef0  right_calibration_value       
20000ef4  risingEdge                    
20000ef8  isRisingEdge                  
20000efc  motor_cal_factor_L            
20000f00  motor_cal_factor_R            
20000f1c  statusFlag                    
20000f20  clockTime                     
20000f24  timeSpan                      
20000f28  char_counter                  
20000f2c  globalVar                     
20000f30  toggleFlag                    
20000f34  _lock                         
20000f38  _unlock                       
20000f44  collides                      
20000f48  quickCount                    
20000f4c  cyBOT_scan_features           
20000f50  bordCollides                  
20000f54  errno                         
20000f58  _running                      
ffffffff  __TI_pprof_out_hndl           
ffffffff  __TI_prof_data_size           
ffffffff  __TI_prof_data_start          
ffffffff  __binit__                     
ffffffff  __c_args__                    
ffffffff  binit                         
UNDEFED   __mpu_init                    
UNDEFED   _system_post_cinit            

[211 symbols]
