******************************************************************************
                  TI ARM Linker PC v20.2.7                     
******************************************************************************
>> Linked Thu Nov 30 12:50:12 2023

OUTPUT FILE NAME:   <Final.out>
ENTRY POINT SYMBOL: "_c_int00_noargs"  address: 000078c1


MEMORY CONFIGURATION

         name            origin    length      used     unused   attr    fill
----------------------  --------  ---------  --------  --------  ----  --------
  FLASH                 00000000   00040000  00007eb3  0003814d  R  X
  SRAM                  20000000   00008000  00000f52  000070ae  RW X


SEGMENT ALLOCATION MAP

run origin  load origin   length   init length attrs members
----------  ----------- ---------- ----------- ----- -------
00000000    00000000    00007eb8   00007eb8    r-x
  00000000    00000000    0000026c   0000026c    r-- .intvecs
  0000026c    0000026c    00007898   00007898    r-x .text
  00007b08    00007b08    0000035f   0000035f    r-- .const
  00007e68    00007e68    00000050   00000050    r-- .cinit
20000000    20000000    00000f59   00000000    rw-
  20000000    20000000    0000026c   00000000    rw- .vtable
  20000270    20000270    00000800   00000000    rw- .stack
  20000a70    20000a70    00000400   00000000    rw- .sysmem
  20000e70    20000e70    00000089   00000000    rw- .bss
  20000efc    20000efc    0000005d   00000000    rw- .data


SECTION ALLOCATION MAP

 output                                  attributes/
section   page    origin      length       input sections
--------  ----  ----------  ----------   ----------------
.intvecs   0    00000000    0000026c     
                  00000000    0000026c     tm4c123gh6pm_startup_ccs.obj (.intvecs)

.text      0    0000026c    00007898     
                  0000026c    00001170     final_Main.obj (.text)
                  000013dc    00000c20     open_interface.obj (.text)
                  00001ffc    00000a4e     rtsv7M4_T_le_v4SPD16_eabi.lib : _printfi.c.obj (.text:__TI_printfi)
                  00002a4a    00000002                                   : _lock.c.obj (.text:_nop)
                  00002a4c    000009d0                                   : e_pow.c.obj (.text:pow)
                  0000341c    00000738                                   : k_rem_pio2.c.obj (.text:__kernel_rem_pio2)
                  00003b54    000005e4     movement.obj (.text)
                  00004138    00000508     rtsv7M4_T_le_v4SPD16_eabi.lib : s_tan.c.obj (.text:tan)
                  00004640    000004b4     custom.obj (.text)
                  00004af4    00000328     lcd.obj (.text)
                  00004e1c    0000031c     rtsv7M4_T_le_v4SPD16_eabi.lib : k_tan.c.obj (.text:__kernel_tan)
                  00005138    00000270                                   : _printfi.c.obj (.text:_pconv_a)
                  000053a8    00000260     libcybotScan.lib : cyBot_Scan.obj (.text)
                  00005608    00000248     Timer.obj (.text)
                  00005850    00000230     ping.obj (.text)
                  00005a80    000001f0     uart_extra_help.obj (.text)
                  00005c70    000001ec     libcybotScan.lib : ping.obj (.text)
                  00005e5c    000001d0     rtsv7M4_T_le_v4SPD16_eabi.lib : _printfi.c.obj (.text:_pconv_g)
                  0000602c    000001b6                                   : fd_add_t2.asm.obj (.text)
                  000061e2    00000002                                   : div0.asm.obj (.text)
                  000061e4    00000158     libcybotScan.lib : servo.obj (.text)
                  0000633c    00000158     rtsv7M4_T_le_v4SPD16_eabi.lib : e_sqrt.c.obj (.text:sqrt)
                  00006494    0000013c                                   : _printfi.c.obj (.text:_pconv_e)
                  000065d0    00000136                                   : fd_div_t2.asm.obj (.text)
                  00006706    00000002     --HOLE-- [fill = 0]
                  00006708    00000124                                   : _printfi.c.obj (.text:fcvt)
                  0000682c    00000118     libcybotScan.lib : ir.obj (.text)
                  00006944    00000110     rtsv7M4_T_le_v4SPD16_eabi.lib : s_scalbn.c.obj (.text:scalbn)
                  00006a54    00000110     servo.obj (.text)
                  00006b64    00000100     rtsv7M4_T_le_v4SPD16_eabi.lib : memory.c.obj (.text:aligned_alloc)
                  00006c64    000000fc                                   : fd_mul_t2.asm.obj (.text)
                  00006d60    000000f8                                   : s_floor.c.obj (.text:floor)
                  00006e58    000000e4                                   : memory.c.obj (.text:free)
                  00006f3c    000000c8     adc.obj (.text)
                  00007004    000000b1     rtsv7M4_T_le_v4SPD16_eabi.lib : _printfi.c.obj (.text:_ltostr)
                  000070b5    00000001     --HOLE-- [fill = 0]
                  000070b6    0000009c                                   : memcpy_t2.asm.obj (.text)
                  00007152    00000096                                   : ull_div_t2.asm.obj (.text)
                  000071e8    00000086                                   : fd_cmp_t2.asm.obj (.text:__aeabi_cdcmple)
                  0000726e    00000086                                   : fd_cmp_t2.asm.obj (.text:__aeabi_cdrcmple)
                  000072f4    0000007a                                   : memset_t2.asm.obj (.text)
                  0000736e    00000002     --HOLE-- [fill = 0]
                  00007370    00000070                                   : memory.c.obj (.text:split)
                  000073e0    0000006e                                   : _printfi.c.obj (.text:_mcpy)
                  0000744e    0000006e                                   : fd_tos_t2.asm.obj (.text)
                  000074bc    00000068                                   : copy_decompress_lzss.c.obj (.text:decompress:lzss:__TI_decompress_lzss)
                  00007524    00000064                                   : s_frexp.c.obj (.text:frexp)
                  00007588    00000056                                   : _printfi.c.obj (.text:_pconv_f)
                  000075de    00000054                                   : _ltoa.c.obj (.text:__TI_ltoa)
                  00007632    00000052                                   : _printfi.c.obj (.text:_ecpy)
                  00007684    0000004c                                   : atoi.c.obj (.text:atoi)
                  000076d0    00000048                                   : fd_toi_t2.asm.obj (.text)
                  00007718    00000044                                   : autoinit.c.obj (.text:__TI_auto_init_nobinit_nopinit:__TI_auto_init_nobinit_nopinit)
                  0000775c    00000040                                   : sprintf.c.obj (.text:sprintf)
                  0000779c    00000040                                   : vsnprintf.c.obj (.text:vsnprintf)
                  000077dc    0000003e                                   : _printfi.c.obj (.text:_fcpy)
                  0000781a    00000002     --HOLE-- [fill = 0]
                  0000781c    00000038                                   : memory.c.obj (.text:calloc)
                  00007854    00000038                                   : fs_tod_t2.asm.obj (.text)
                  0000788c    00000034     driverlib.lib : interrupt.obj (.text:IntRegister)
                  000078c0    00000034     rtsv7M4_T_le_v4SPD16_eabi.lib : boot_cortex_m.c.obj (.text:_c_int00_noargs:_c_int00_noargs)
                  000078f4    00000030                                   : vsnprintf.c.obj (.text:_outs)
                  00007924    0000002e                                   : i_tofd_t2.asm.obj (.text)
                  00007952    00000002     --HOLE-- [fill = 0]
                  00007954    00000028                                   : memory.c.obj (.text:free_list_insert)
                  0000797c    0000001c                                   : copy_zero_init.c.obj (.text:decompress:ZI:__TI_zero_init_nomemset:__TI_zero_init_nomemset)
                  00007998    0000001c                                   : memory.c.obj (.text:free_list_remove)
                  000079b4    0000001c                                   : memccpy.c.obj (.text:memccpy)
                  000079d0    0000001a                                   : s_copysign.c.obj (.text:copysign)
                  000079ea    00000018                                   : vsnprintf.c.obj (.text:_outc)
                  00007a02    00000018                                   : sprintf.c.obj (.text:_outs)
                  00007a1a    00000018     open_interface.obj (.text:oi_parseInt)
                  00007a32    00000018     rtsv7M4_T_le_v4SPD16_eabi.lib : strcmp.c.obj (.text:strcmp)
                  00007a4a    00000016                                   : strchr.c.obj (.text:strchr)
                  00007a60    00000014                                   : strcpy.c.obj (.text:strcpy)
                  00007a74    00000014                                   : strlen.c.obj (.text:strlen)
                  00007a88    00000012                                   : wcslen.c.obj (.text:wcslen)
                  00007a9a    00000010     driverlib.lib : interrupt.obj (.text:IntMasterEnable)
                  00007aaa    00000010     lcd.obj (.text:lcd_clear)
                  00007aba    0000000e     rtsv7M4_T_le_v4SPD16_eabi.lib : copy_decompress_none.c.obj (.text:decompress:none:__TI_decompress_none)
                  00007ac8    0000000c     driverlib.lib : cpu.obj (.text:CPUcpsie)
                  00007ad4    0000000c     tm4c123gh6pm_startup_ccs.obj (.text)
                  00007ae0    0000000a     rtsv7M4_T_le_v4SPD16_eabi.lib : sprintf.c.obj (.text:_outc)
                  00007aea    00000002     --HOLE-- [fill = 0]
                  00007aec    00000008                                   : errno.c.obj (.text:__aeabi_errno_addr)
                  00007af4    00000008                                   : memory.c.obj (.text:malloc)
                  00007afc    00000004                                   : pre_init.c.obj (.text:_system_pre_init)
                  00007b00    00000004                                   : exit.c.obj (.text:abort:abort)

.const     0    00007b08    0000035f     
                  00007b08    00000158     rtsv7M4_T_le_v4SPD16_eabi.lib : k_rem_pio2.c.obj (.const:$O1$$)
                  00007c60    00000101                                   : ctype.c.obj (.const:.string:_ctypes_)
                  00007d61    00000004     lcd.obj (.const:.string:lineAddress$1)
                  00007d65    00000003     --HOLE-- [fill = 0]
                  00007d68    00000080     rtsv7M4_T_le_v4SPD16_eabi.lib : k_tan.c.obj (.const:xxx)
                  00007de8    00000030                                   : e_pow.c.obj (.const:$O1$$)
                  00007e18    00000014     custom.obj (.const:.string:$P$T0$1)
                  00007e2c    0000000f     open_interface.obj (.const:.string:$P$T0$3)
                  00007e3b    0000000b     final_Main.obj (.const:.string:$P$T2$3)
                  00007e46    0000000b     final_Main.obj (.const:.string:$P$T3$4)
                  00007e51    00000009     final_Main.obj (.const:.string:$P$T0$1)
                  00007e5a    00000009     final_Main.obj (.const:.string:$P$T1$2)
                  00007e63    00000004     lcd.obj (.const:.string:lineAddresses$2)

.cinit     0    00007e68    00000050     
                  00007e68    0000001b     (.cinit..data.load) [load image, compression = lzss]
                  00007e83    00000001     --HOLE-- [fill = 0]
                  00007e84    0000000c     (__TI_handler_table)
                  00007e90    00000008     (.cinit..bss.load) [load image, compression = zero_init]
                  00007e98    00000008     (.cinit..vtable.load) [load image, compression = zero_init]
                  00007ea0    00000018     (__TI_cinit_table)

.init_array 
*          0    00000000    00000000     UNINITIALIZED

.vtable    0    20000000    0000026c     UNINITIALIZED
                  20000000    0000026c     driverlib.lib : interrupt.obj (.vtable)

.stack     0    20000270    00000800     UNINITIALIZED
                  20000270    00000004     rtsv7M4_T_le_v4SPD16_eabi.lib : boot_cortex_m.c.obj (.stack)
                  20000274    000007fc     --HOLE--

.sysmem    0    20000a70    00000400     UNINITIALIZED
                  20000a70    00000010     rtsv7M4_T_le_v4SPD16_eabi.lib : memory.c.obj (.sysmem)
                  20000a80    000003f0     --HOLE--

.bss       0    20000e70    00000089     UNINITIALIZED
                  20000e70    00000054     lcd.obj (.bss:lastbuffer$3)
                  20000ec4    00000018     open_interface.obj (.bss:firmware$2)
                  20000edc    00000004     (.common:_timeout_ticks)
                  20000ee0    00000004     (.common:fallingEdge)
                  20000ee4    00000004     (.common:isr_int_value)
                  20000ee8    00000004     (.common:left_calibration_value)
                  20000eec    00000004     (.common:pulseLength)
                  20000ef0    00000004     (.common:right_calibration_value)
                  20000ef4    00000004     (.common:risingEdge)
                  20000ef8    00000001     (.common:isRisingEdge)

.data      0    20000efc    0000005d     UNINITIALIZED
                  20000efc    00000020     open_interface.obj (.data)
                  20000f1c    0000000c     ping.obj (.data)
                  20000f28    0000000c     uart_extra_help.obj (.data)
                  20000f34    00000008     rtsv7M4_T_le_v4SPD16_eabi.lib : _lock.c.obj (.data:$O1$$)
                  20000f3c    00000008                                   : memory.c.obj (.data:$O1$$)
                  20000f44    00000008     final_Main.obj (.data)
                  20000f4c    00000004     libcybotScan.lib : cyBot_Scan.obj (.data)
                  20000f50    00000004     movement.obj (.data)
                  20000f54    00000004     rtsv7M4_T_le_v4SPD16_eabi.lib : errno.c.obj (.data)
                  20000f58    00000001     Timer.obj (.data)

__llvm_prf_cnts 
*          0    20000000    00000000     UNINITIALIZED

MODULE SUMMARY

       Module                         code    ro data   rw data
       ------                         ----    -------   -------
    .\
       final_Main.obj                 4464    40        8      
       open_interface.obj             3128    15        56     
       movement.obj                   1508    0         4      
       custom.obj                     1204    20        0      
       lcd.obj                        824     8         84     
       tm4c123gh6pm_startup_ccs.obj   12      620       0      
       Timer.obj                      584     0         5      
       ping.obj                       560     0         12     
       uart_extra_help.obj            496     0         12     
       servo.obj                      272     0         0      
       adc.obj                        200     0         0      
    +--+------------------------------+-------+---------+---------+
       Total:                         13252   703       181    
                                                               
    ../libcybotScan.lib
       cyBot_Scan.obj                 608     0         12     
       ping.obj                       492     0         13     
       servo.obj                      344     0         0      
       ir.obj                         280     0         4      
    +--+------------------------------+-------+---------+---------+
       Total:                         1724    0         29     
                                                               
    C:/ti/TivaWare_C_Series-2.2.0.295/driverlib/ccs/Debug/driverlib.lib
       interrupt.obj                  68      0         620    
       cpu.obj                        12      0         0      
    +--+------------------------------+-------+---------+---------+
       Total:                         80      0         620    
                                                               
    C:\ti\ccs1230\ccs\tools\compiler\ti-cgt-arm_20.2.7.LTS\lib\rtsv7M4_T_le_v4SPD16_eabi.lib
       _printfi.c.obj                 4851    0         0      
       e_pow.c.obj                    2512    48        0      
       k_rem_pio2.c.obj               1848    344       0      
       s_tan.c.obj                    1288    0         0      
       k_tan.c.obj                    796     128       0      
       memory.c.obj                   728     0         8      
       fd_add_t2.asm.obj              438     0         0      
       e_sqrt.c.obj                   344     0         0      
       fd_div_t2.asm.obj              310     0         0      
       s_scalbn.c.obj                 272     0         0      
       fd_cmp_t2.asm.obj              268     0         0      
       ctype.c.obj                    0       257       0      
       fd_mul_t2.asm.obj              252     0         0      
       s_floor.c.obj                  248     0         0      
       memcpy_t2.asm.obj              156     0         0      
       ull_div_t2.asm.obj             150     0         0      
       vsnprintf.c.obj                136     0         0      
       memset_t2.asm.obj              122     0         0      
       fd_tos_t2.asm.obj              110     0         0      
       copy_decompress_lzss.c.obj     104     0         0      
       s_frexp.c.obj                  100     0         0      
       sprintf.c.obj                  98      0         0      
       _ltoa.c.obj                    84      0         0      
       atoi.c.obj                     76      0         0      
       fd_toi_t2.asm.obj              72      0         0      
       autoinit.c.obj                 68      0         0      
       fs_tod_t2.asm.obj              56      0         0      
       boot_cortex_m.c.obj            52      0         0      
       i_tofd_t2.asm.obj              46      0         0      
       copy_zero_init.c.obj           28      0         0      
       memccpy.c.obj                  28      0         0      
       s_copysign.c.obj               26      0         0      
       strcmp.c.obj                   24      0         0      
       strchr.c.obj                   22      0         0      
       strcpy.c.obj                   20      0         0      
       strlen.c.obj                   20      0         0      
       wcslen.c.obj                   18      0         0      
       copy_decompress_none.c.obj     14      0         0      
       errno.c.obj                    8       0         4      
       _lock.c.obj                    2       0         8      
       exit.c.obj                     4       0         0      
       pre_init.c.obj                 4       0         0      
       div0.asm.obj                   2       0         0      
    +--+------------------------------+-------+---------+---------+
       Total:                         15805   777       20     
                                                               
       Heap:                          0       0         1024   
       Stack:                         0       0         2048   
       Linker Generated:              0       79        0      
    +--+------------------------------+-------+---------+---------+
       Grand Total:                   30861   1559      3922   


LINKER GENERATED COPY TABLES

__TI_cinit_table @ 00007ea0 records: 3, size/record: 8, table size: 24
	.data: load addr=00007e68, load size=0000001b bytes, run addr=20000efc, run size=0000005d bytes, compression=lzss
	.bss: load addr=00007e90, load size=00000008 bytes, run addr=20000e70, run size=00000089 bytes, compression=zero_init
	.vtable: load addr=00007e98, load size=00000008 bytes, run addr=20000000, run size=0000026c bytes, compression=zero_init


LINKER GENERATED HANDLER TABLE

__TI_handler_table @ 00007e84 records: 3, size/record: 4, table size: 12
	index: 0, handler: __TI_zero_init
	index: 1, handler: __TI_decompress_lzss
	index: 2, handler: __TI_decompress_none


GLOBAL SYMBOLS: SORTED ALPHABETICALLY BY Name 

address   name                          
-------   ----                          
000068c5  ADC0SS0_Handler               
00007b01  C$$EXIT                       
00007ac9  CPUcpsie                      
00001d33  GPIOF_Handler                 
00007a9b  IntMasterEnable               
0000788d  IntRegister                   
00007ad5  ResetISR                      
00005d61  TIMER3B_Handler               
20000a70  __STACK_END                   
00000800  __STACK_SIZE                  
20000470  __STACK_TOP                   
00000400  __SYSMEM_SIZE                 
00007ea0  __TI_CINIT_Base               
00007eb8  __TI_CINIT_Limit              
00007e84  __TI_Handler_Table_Base       
00007e90  __TI_Handler_Table_Limit      
00007719  __TI_auto_init_nobinit_nopinit
000074bd  __TI_decompress_lzss          
00007abb  __TI_decompress_none          
000075df  __TI_ltoa                     
ffffffff  __TI_pprof_out_hndl           
00001ffd  __TI_printfi                  
ffffffff  __TI_prof_data_size           
ffffffff  __TI_prof_data_start          
00000000  __TI_static_base__            
0000797d  __TI_zero_init_nomemset       
000071e9  __aeabi_cdcmpeq               
000071e9  __aeabi_cdcmple               
0000726f  __aeabi_cdrcmple              
0000744f  __aeabi_d2f                   
000076d1  __aeabi_d2iz                  
00006037  __aeabi_dadd                  
000065d1  __aeabi_ddiv                  
00006c65  __aeabi_dmul                  
0000602d  __aeabi_dsub                  
00007aed  __aeabi_errno_addr            
00007855  __aeabi_f2d                   
00007925  __aeabi_i2d                   
000061e3  __aeabi_idiv0                 
000061e3  __aeabi_ldiv0                 
000072f5  __aeabi_memclr                
000072f5  __aeabi_memclr4               
000072f5  __aeabi_memclr8               
000070b7  __aeabi_memcpy                
000070b7  __aeabi_memcpy4               
000070b7  __aeabi_memcpy8               
000072f7  __aeabi_memset                
000072f7  __aeabi_memset4               
000072f7  __aeabi_memset8               
00007153  __aeabi_uldivmod              
ffffffff  __binit__                     
ffffffff  __c_args__                    
0000341d  __kernel_rem_pio2             
00004e1d  __kernel_tan                  
UNDEFED   __mpu_init                    
20000270  __stack                       
20000000  __start___llvm_prf_cnts       
20000000  __stop___llvm_prf_cnts        
000078c1  _c_int00_noargs               
00007c60  _ctypes_                      
20000f34  _lock                         
00002a4b  _nop                          
20000f58  _running                      
20000a70  _sys_memory                   
UNDEFED   _system_post_cinit            
00007afd  _system_pre_init              
20000edc  _timeout_ticks                
20000f38  _unlock                       
00007b01  abort                         
00006f3d  adc_init                      
00006fab  adc_read                      
00006b65  aligned_alloc                 
00007685  atoi                          
ffffffff  binit                         
20000f50  bordCollides                  
00004715  boundCheck                    
00003c35  boundary_turn                 
0000404b  cal                           
0000781d  calloc                        
20000f28  char_counter                  
20000f20  clockTime                     
20000f44  collides                      
00004675  convertIR                     
000079d1  copysign                      
000079d1  copysignl                     
00005481  cyBOT_SERVO_cal               
0000540f  cyBOT_Scan                    
000053b7  cyBOT_init_Scan               
20000f4c  cyBOT_scan_features           
000053a9  cyBOT_scan_version            
20000f54  errno                         
20000ee0  fallingEdge                   
00006d61  floor                         
00006d61  floorl                        
000049fb  forwardRotate                 
00006e59  free                          
00007525  frexp                         
00007525  frexpl                        
20000000  g_pfnRAMVectors               
00000000  g_pfnVectors                  
20000f2c  globalVar                     
00001aef  go_charge                     
000068db  ir_enableInterrupt            
000068bd  ir_getDistance                
00006895  ir_getValue                   
0000682d  ir_init                       
20000ef8  isRisingEdge                  
20000ee4  isr_int_value                 
00007aab  lcd_clear                     
00004cc9  lcd_gotoLine                  
00004b31  lcd_init                      
00004d2f  lcd_printf                    
00004bf1  lcd_putc                      
00004c29  lcd_puts                      
00004af5  lcd_reverseNibble             
00004c47  lcd_sendCommand               
00004c85  lcd_sendNibble                
00004cf1  lcd_setCursorPos              
00006945  ldexp                         
00006945  ldexpl                        
20000ee8  left_calibration_value        
0000026d  main                          
00007af5  malloc                        
00006b65  memalign                      
000079b5  memccpy                       
000070b7  memcpy                        
000072fd  memset                        
20000efc  motor_cal_factor_L            
20000f00  motor_cal_factor_R            
00003d33  move_forward                  
00003e39  move_forward_bump             
00003b55  move_reverse                  
000013dd  oi_alloc                      
00001c19  oi_checkFirmware              
00001437  oi_close                      
000013e9  oi_free                       
00001f5d  oi_getMotorCalibrationLeft    
00001f71  oi_getMotorCalibrationRight   
00001421  oi_init                       
000013f9  oi_init_noupdate              
00001a85  oi_loadSong                   
00007a1b  oi_parseInt                   
0000149b  oi_parsePacket                
00001adb  oi_play_song                  
000019bb  oi_setLeds                    
00001f21  oi_setMotorCalibration        
000019ff  oi_setWheels                  
00001cc1  oi_shutoff_init               
00001afd  oi_uartInit                   
00001ba1  oi_uartReceive                
00001be7  oi_uartSendBuff               
00001b85  oi_uartSendChar               
00001bc9  oi_uartSendStr                
00001449  oi_update                     
000059db  ping_distance                 
00005db3  ping_getDistance              
00005c71  ping_init                     
00005851  ping_init2                    
00005995  ping_interrupt_handler        
00005971  ping_interrupt_init           
000058e1  ping_read                     
00005cf7  ping_trigger                  
00002a4d  pow                           
00002a4d  powl                          
00003ca1  precise_forward               
20000eec  pulseLength                   
00004641  puttyPrint                    
20000f48  quickCount                    
000048b1  quickScan                     
20000ef0  right_calibration_value       
20000ef4  risingEdge                    
00006945  scalbn                        
00006945  scalbnl                       
000046d1  scanIR                        
00005903  send_pulse                    
000061e5  servo_init                    
00006a55  servo_init2                   
00006275  servo_move                    
00006ad7  servo_move2                   
000062d5  servo_setPWM                  
00006269  servo_stop                    
0000775d  sprintf                       
0000633d  sqrt                          
0000633d  sqrtl                         
20000f1c  statusFlag                    
00007a4b  strchr                        
00007a33  strcmp                        
00007a61  strcpy                        
00007a75  strlen                        
00004139  tan                           
00004139  tanl                          
00004063  textDrive                     
20000f24  timeSpan                      
00005727  timer_getMicros               
000056cf  timer_getMillis               
00005609  timer_init                    
000056ab  timer_pause                   
000056bd  timer_resume                  
00005681  timer_stop                    
00005781  timer_waitMicros              
000057b3  timer_waitMillis              
20000f30  toggleFlag                    
00003bc1  turn_any                      
00005a81  uart_init                     
00005b85  uart_interrupt_handler        
00005b65  uart_interrupt_init           
00005b35  uart_receive                  
00005b19  uart_sendChar                 
00005b5b  uart_sendStr                  
0000779d  vsnprintf                     
00007a89  wcslen                        


GLOBAL SYMBOLS: SORTED BY Symbol Address 

address   name                          
-------   ----                          
00000000  __TI_static_base__            
00000000  g_pfnVectors                  
0000026d  main                          
00000400  __SYSMEM_SIZE                 
00000800  __STACK_SIZE                  
000013dd  oi_alloc                      
000013e9  oi_free                       
000013f9  oi_init_noupdate              
00001421  oi_init                       
00001437  oi_close                      
00001449  oi_update                     
0000149b  oi_parsePacket                
000019bb  oi_setLeds                    
000019ff  oi_setWheels                  
00001a85  oi_loadSong                   
00001adb  oi_play_song                  
00001aef  go_charge                     
00001afd  oi_uartInit                   
00001b85  oi_uartSendChar               
00001ba1  oi_uartReceive                
00001bc9  oi_uartSendStr                
00001be7  oi_uartSendBuff               
00001c19  oi_checkFirmware              
00001cc1  oi_shutoff_init               
00001d33  GPIOF_Handler                 
00001f21  oi_setMotorCalibration        
00001f5d  oi_getMotorCalibrationLeft    
00001f71  oi_getMotorCalibrationRight   
00001ffd  __TI_printfi                  
00002a4b  _nop                          
00002a4d  pow                           
00002a4d  powl                          
0000341d  __kernel_rem_pio2             
00003b55  move_reverse                  
00003bc1  turn_any                      
00003c35  boundary_turn                 
00003ca1  precise_forward               
00003d33  move_forward                  
00003e39  move_forward_bump             
0000404b  cal                           
00004063  textDrive                     
00004139  tan                           
00004139  tanl                          
00004641  puttyPrint                    
00004675  convertIR                     
000046d1  scanIR                        
00004715  boundCheck                    
000048b1  quickScan                     
000049fb  forwardRotate                 
00004af5  lcd_reverseNibble             
00004b31  lcd_init                      
00004bf1  lcd_putc                      
00004c29  lcd_puts                      
00004c47  lcd_sendCommand               
00004c85  lcd_sendNibble                
00004cc9  lcd_gotoLine                  
00004cf1  lcd_setCursorPos              
00004d2f  lcd_printf                    
00004e1d  __kernel_tan                  
000053a9  cyBOT_scan_version            
000053b7  cyBOT_init_Scan               
0000540f  cyBOT_Scan                    
00005481  cyBOT_SERVO_cal               
00005609  timer_init                    
00005681  timer_stop                    
000056ab  timer_pause                   
000056bd  timer_resume                  
000056cf  timer_getMillis               
00005727  timer_getMicros               
00005781  timer_waitMicros              
000057b3  timer_waitMillis              
00005851  ping_init2                    
000058e1  ping_read                     
00005903  send_pulse                    
00005971  ping_interrupt_init           
00005995  ping_interrupt_handler        
000059db  ping_distance                 
00005a81  uart_init                     
00005b19  uart_sendChar                 
00005b35  uart_receive                  
00005b5b  uart_sendStr                  
00005b65  uart_interrupt_init           
00005b85  uart_interrupt_handler        
00005c71  ping_init                     
00005cf7  ping_trigger                  
00005d61  TIMER3B_Handler               
00005db3  ping_getDistance              
0000602d  __aeabi_dsub                  
00006037  __aeabi_dadd                  
000061e3  __aeabi_idiv0                 
000061e3  __aeabi_ldiv0                 
000061e5  servo_init                    
00006269  servo_stop                    
00006275  servo_move                    
000062d5  servo_setPWM                  
0000633d  sqrt                          
0000633d  sqrtl                         
000065d1  __aeabi_ddiv                  
0000682d  ir_init                       
00006895  ir_getValue                   
000068bd  ir_getDistance                
000068c5  ADC0SS0_Handler               
000068db  ir_enableInterrupt            
00006945  ldexp                         
00006945  ldexpl                        
00006945  scalbn                        
00006945  scalbnl                       
00006a55  servo_init2                   
00006ad7  servo_move2                   
00006b65  aligned_alloc                 
00006b65  memalign                      
00006c65  __aeabi_dmul                  
00006d61  floor                         
00006d61  floorl                        
00006e59  free                          
00006f3d  adc_init                      
00006fab  adc_read                      
000070b7  __aeabi_memcpy                
000070b7  __aeabi_memcpy4               
000070b7  __aeabi_memcpy8               
000070b7  memcpy                        
00007153  __aeabi_uldivmod              
000071e9  __aeabi_cdcmpeq               
000071e9  __aeabi_cdcmple               
0000726f  __aeabi_cdrcmple              
000072f5  __aeabi_memclr                
000072f5  __aeabi_memclr4               
000072f5  __aeabi_memclr8               
000072f7  __aeabi_memset                
000072f7  __aeabi_memset4               
000072f7  __aeabi_memset8               
000072fd  memset                        
0000744f  __aeabi_d2f                   
000074bd  __TI_decompress_lzss          
00007525  frexp                         
00007525  frexpl                        
000075df  __TI_ltoa                     
00007685  atoi                          
000076d1  __aeabi_d2iz                  
00007719  __TI_auto_init_nobinit_nopinit
0000775d  sprintf                       
0000779d  vsnprintf                     
0000781d  calloc                        
00007855  __aeabi_f2d                   
0000788d  IntRegister                   
000078c1  _c_int00_noargs               
00007925  __aeabi_i2d                   
0000797d  __TI_zero_init_nomemset       
000079b5  memccpy                       
000079d1  copysign                      
000079d1  copysignl                     
00007a1b  oi_parseInt                   
00007a33  strcmp                        
00007a4b  strchr                        
00007a61  strcpy                        
00007a75  strlen                        
00007a89  wcslen                        
00007a9b  IntMasterEnable               
00007aab  lcd_clear                     
00007abb  __TI_decompress_none          
00007ac9  CPUcpsie                      
00007ad5  ResetISR                      
00007aed  __aeabi_errno_addr            
00007af5  malloc                        
00007afd  _system_pre_init              
00007b01  C$$EXIT                       
00007b01  abort                         
00007c60  _ctypes_                      
00007e84  __TI_Handler_Table_Base       
00007e90  __TI_Handler_Table_Limit      
00007ea0  __TI_CINIT_Base               
00007eb8  __TI_CINIT_Limit              
20000000  __start___llvm_prf_cnts       
20000000  __stop___llvm_prf_cnts        
20000000  g_pfnRAMVectors               
20000270  __stack                       
20000470  __STACK_TOP                   
20000a70  __STACK_END                   
20000a70  _sys_memory                   
20000edc  _timeout_ticks                
20000ee0  fallingEdge                   
20000ee4  isr_int_value                 
20000ee8  left_calibration_value        
20000eec  pulseLength                   
20000ef0  right_calibration_value       
20000ef4  risingEdge                    
20000ef8  isRisingEdge                  
20000efc  motor_cal_factor_L            
20000f00  motor_cal_factor_R            
20000f1c  statusFlag                    
20000f20  clockTime                     
20000f24  timeSpan                      
20000f28  char_counter                  
20000f2c  globalVar                     
20000f30  toggleFlag                    
20000f34  _lock                         
20000f38  _unlock                       
20000f44  collides                      
20000f48  quickCount                    
20000f4c  cyBOT_scan_features           
20000f50  bordCollides                  
20000f54  errno                         
20000f58  _running                      
ffffffff  __TI_pprof_out_hndl           
ffffffff  __TI_prof_data_size           
ffffffff  __TI_prof_data_start          
ffffffff  __binit__                     
ffffffff  __c_args__                    
ffffffff  binit                         
UNDEFED   __mpu_init                    
UNDEFED   _system_post_cinit            

[211 symbols]
